22:20:39 **** Incremental Build of configuration Debug for project Bai4 ****
make -j16 all 
arm-none-eabi-gcc "../Core/Src/main.c" -mcpu=cortex-m3 -std=gnu11 -g3 -DDEBUG -DUSE_HAL_DRIVER -DSTM32F103x6 -c -I../Core/Inc -I../Drivers/STM32F1xx_HAL_Driver/Inc -I../Drivers/STM32F1xx_HAL_Driver/Inc/Legacy -I../Drivers/CMSIS/Device/ST/STM32F1xx/Include -I../Drivers/CMSIS/Include -O0 -ffunction-sections -fdata-sections -Wall -fstack-usage -MMD -MP -MF"Core/Src/main.d" -MT"Core/Src/main.o" --specs=nano.specs -mfloat-abi=soft -mthumb -o "Core/Src/main.o"
arm-none-eabi-gcc -o "Bai4.elf" @"objects.list"   -mcpu=cortex-m3 -T"D:\VXL VDK\LAB\Lab1\Bai4\STM\Bai4\STM32F103C6UX_FLASH.ld" --specs=nosys.specs -Wl,-Map="Bai4.map" -Wl,--gc-sections -static --specs=nano.specs -mfloat-abi=soft -mthumb -Wl,--start-group -lc -lm -Wl,--end-group
Finished building target: Bai4.elf
 
arm-none-eabi-size   Bai4.elf 
arm-none-eabi-objdump -h -S  Bai4.elf  > "Bai4.list"
arm-none-eabi-objcopy  -O ihex  Bai4.elf  "Bai4.hex"
arm-none-eabi-objcopy  -O binary  Bai4.elf  "Bai4.bin"
   text	   data	    bss	    dec	    hex	filename
   5656	     20	   1572	   7248	   1c50	Bai4.elf
Finished building: default.size.stdout
 
Finished building: Bai4.hex
Finished building: Bai4.bin
 
Finished building: Bai4.list
 
 

22:20:39 Build Finished. 0 errors, 0 warnings. (took 519ms)

