20:58:19 **** Incremental Build of configuration Debug for project Bai9 ****
make -j16 all 
arm-none-eabi-gcc "../Core/Src/main.c" -mcpu=cortex-m3 -std=gnu11 -g3 -DDEBUG -DUSE_HAL_DRIVER -DSTM32F103x6 -c -I../Core/Inc -I../Drivers/STM32F1xx_HAL_Driver/Inc -I../Drivers/STM32F1xx_HAL_Driver/Inc/Legacy -I../Drivers/CMSIS/Device/ST/STM32F1xx/Include -I../Drivers/CMSIS/Include -O0 -ffunction-sections -fdata-sections -Wall -fstack-usage -MMD -MP -MF"Core/Src/main.d" -MT"Core/Src/main.o" --specs=nano.specs -mfloat-abi=soft -mthumb -o "Core/Src/main.o"
arm-none-eabi-gcc -o "Bai9.elf" @"objects.list"   -mcpu=cortex-m3 -T"D:\VXL VDK\LAB\Lab1\Bai9\STM\Bai9\STM32F103C6UX_FLASH.ld" --specs=nosys.specs -Wl,-Map="Bai9.map" -Wl,--gc-sections -static --specs=nano.specs -mfloat-abi=soft -mthumb -Wl,--start-group -lc -lm -Wl,--end-group
Finished building target: Bai9.elf
 
arm-none-eabi-size   Bai9.elf 
arm-none-eabi-objdump -h -S  Bai9.elf  > "Bai9.list"
arm-none-eabi-objcopy  -O ihex  Bai9.elf  "Bai9.hex"
arm-none-eabi-objcopy  -O binary  Bai9.elf  "Bai9.bin"
   text	   data	    bss	    dec	    hex	filename
   5076	     20	   1572	   6668	   1a0c	Bai9.elf
Finished building: default.size.stdout
 
Finished building: Bai9.bin
Finished building: Bai9.hex
 
 
Finished building: Bai9.list
 

20:58:21 Build Finished. 0 errors, 0 warnings. (took 1s.951ms)

